// Jest Snapshot v1, https://goo.gl/fbAQLP

exports[`Unauthorized Component should render unauthorized component 1`] = `
<div>
  <div
    class="d-flex flex-column align-items-center justify-content-center "
    style="height: 100vh; background-color: rgb(255, 255, 255);"
  >
    <h1>
      Unauthorized
    </h1>
    <p>
      You are not authorized to access this page.
    </p>
    <a
      aria-label="Dashboard"
      class="btn btn-light"
      href="/"
      style="background-color: rgb(76, 206, 172);"
    >
      Go to Dashboard
    </a>
  </div>
</div>
`;
